// Jest Snapshot v1, https://goo.gl/fbAQLP

exports[`Display searched result component renders search recipe results 1`] = `
<div>
  <form
    onSubmit={[Function]}
  >
    <label
      htmlFor="filter"
    >
      Choose a filter:
    </label>
    <select
      id="filter"
      name="filter"
    >
      <option
        value=""
      >
        None
      </option>
      <option
        value="alcohol-free"
      >
        Alcohol free
      </option>
      <option
        value="peanut-free"
      >
        Peanut free 
      </option>
      <option
        value="sugar-conscious"
      >
        Sugar conscious 
      </option>
      <option
        value="tree-nut-free"
      >
        Tree nut free 
      </option>
      <option
        value="vegan"
      >
        Vegan
      </option>
      <option
        value="vegetarian"
      >
        Vegetarian
      </option>
    </select>
    <button
      className="submitBtn"
      type="submit"
    >
      Search
    </button>
  </form>
  <div>
    Sorry, there is nothing found. Try changing the filter
  </div>
</div>
`;
