// Jest Snapshot v1, https://goo.gl/fbAQLP

exports[`contact form component renders the complete form 1`] = `
<div>
  <Link
    style={
      Object {
        "textDecoration": "none",
      }
    }
    to="/home-page"
  >
    <header>
      What Should I Make?
    </header>
  </Link>
  <form
    className="contactForm"
    onSubmit={[Function]}
  >
    <h3>
      <label
        htmlFor="subject"
      >
        Subject: 
      </label>
    </h3>
    <input
      name="subject"
    />
    <br />
    <h3>
      <label
        htmlFor="message"
      >
        Message: 
      </label>
    </h3>
    <textarea
      cols="70"
      name="message"
      required={true}
      rows="10"
    />
    <h3>
      <label
        htmlFor="from_name"
      >
        Your Email:
      </label>
    </h3>
    <input
      name="from_name"
      type="email"
    />
    <br />
    <button
      type="submit"
    >
      Send
    </button>
  </form>
</div>
`;
