// Jest Snapshot v1, https://goo.gl/fbAQLP

exports[`set new password component renders without crash 1`] = `
<section
  className="reset"
>
  <form
    onSubmit={[Function]}
  >
    <label
      htmlFor="password"
    >
      New Password:
    </label>
    <input
      autocomplete="new-password"
      id="password"
      name="password"
      required={true}
      type="password"
    />
    <br />
    <br />
    <label
      htmlFor="confirmPassword"
    >
      Confirm Your Password:
    </label>
    <input
      autocomplete="new-password"
      id="confirmPassword"
      name="confirmPassword"
      required={true}
      type="password"
    />
    <button
      className="restBtn"
      type="submit"
    >
      Reset
    </button>
  </form>
</section>
`;
