// Jest Snapshot v1, https://goo.gl/fbAQLP

exports[`HomePage component renders home page 1`] = `
<div
  className="landingPage"
>
  <header>
    What should I Make?
  </header>
  <Link
    to="/about"
  >
    About
  </Link>
  <main>
    <form
      onSubmit={[Function]}
    >
      <div
        className="userbox"
      >
        <input
          id="username"
          name="username"
          placeholder="Username"
          required={true}
          type="test"
        />
        <input
          id="email"
          name="email"
          placeholder="Email"
          required={true}
          type="password"
        />
      </div>
      <div
        className="buttons"
      >
        <button
          type="submit"
        >
          Log in
        </button>
        <Link
          style={
            Object {
              "textDecoration": "none",
            }
          }
          to="/add-user"
        >
          <button>
            Sign up
          </button>
        </Link>
      </div>
    </form>
  </main>
</div>
`;
