// Jest Snapshot v1, https://goo.gl/fbAQLP

exports[`UserPage component renders user page 1`] = `
<section
  className="userPage"
>
  <Link
    style={
      Object {
        "textDecoration": "none",
      }
    }
    to="/"
  >
    <h2>
      What Should I Make?
    </h2>
  </Link>
  <nav>
    Things in my fridge:
    <br />
  </nav>
  <form
    onSubmit={[Function]}
  >
    <label
      htmlFor="newNote"
    >
      Add ingredient to the fridge:  
    </label>
    <textarea
      id="newNote"
      name="newNote"
      required={true}
      type="textarea"
    />
    <button
      className="submitBtn"
      type="submit"
    >
      Add
    </button>
  </form>
  <div>
    <Display
      ingredients={Array []}
      user_id={1}
    />
  </div>
</section>
`;
