// Jest Snapshot v1, https://goo.gl/fbAQLP

exports[`Forget password component renders without crash 1`] = `
<div>
  <Link
    style={
      Object {
        "textDecoration": "none",
      }
    }
    to="/home-page"
  >
    <header>
      What Should I Make?
    </header>
  </Link>
  <form
    className="forgotPassword"
    onSubmit={[Function]}
  >
    <label
      htmlFor="email"
    >
      Email:
    </label>
    <input
      id="email"
      name="email"
      required={true}
      type="email"
    />
    <button
      type="submit"
    >
      Send Reset Password Email
    </button>
  </form>
</div>
`;
